[www.certifiedhacker.com/index.html]
[backblue.gif]
[fade.gif]
[index.html]
[para.llel.us/favicon.0.delayed]
[www.certifiedhacker.com/js/jquery-1.4.min.js]
[www.certifiedhacker.com/js/jquery-ui-1.7.2.min.js]
[www.certifiedhacker.com/js/jquery.easing.1.3.min.js]
[www.certifiedhacker.com/js/hoverIntent.min.js]
[www.certifiedhacker.com/js/jquery.bgiframe.min.js]
[www.certifiedhacker.com/js/superfish.min.js]
[www.certifiedhacker.com/js/supersubs.min.js]
[www.certifiedhacker.com/js/jquery.cluetip.min.js]
[www.certifiedhacker.com/js/jquery.overlabel.min.js]
[www.certifiedhacker.com/js/jquery.scrollTo-min.js]
[www.certifiedhacker.com/js/jquery.localscroll-min.js]
[www.certifiedhacker.com/js/jquery.fancybox-1.2.6.pack.js]
[www.certifiedhacker.com/js/jquery.cycle.all.min.js]
[www.certifiedhacker.com/js/cufon-yui.js]
[www.certifiedhacker.com/js/LiberationSans.font.js]
[www.certifiedhacker.com/js/demo.js]
[www.certifiedhacker.com/js/source/onLoad.js]
[www.certifiedhacker.com/images/icons/lock-and-key-110.png]
[www.certifiedhacker.com/index-2.html]
[www.certifiedhacker.com/images/slideshow/slide-1.png]
[www.certifiedhacker.com/images/slideshow/slide-2.png]
[www.certifiedhacker.com/images/slideshow/slide-3.png]
[www.certifiedhacker.com/images/slideshow/slide-4.png]
[www.certifiedhacker.com/images/slideshow/slide-5.png]
[www.certifiedhacker.com/images/slideshow/slide-6.png]
[www.certifiedhacker.com/images/slideshow/slide-7.png]
[www.certifiedhacker.com/images/slideshow/slide-8.png]
[www.certifiedhacker.com/images/slideshow/slide-9.png]
[www.certifiedhacker.com/index.html]
[www.certifiedhacker.com/sample-login.html]
[www.certifiedhacker.com/index-2.html]
[para.llel.us/favicon.html]
[www.certifiedhacker.com/css/reset.min.css]
[www.certifiedhacker.com/images/arrows-ffffff.png]
[www.certifiedhacker.com/images/shadow.png]
[www.certifiedhacker.com/css/menu.min.css]
[www.certifiedhacker.com/images/fancybox/fancy_progress.png]
[www.certifiedhacker.com/images/fancybox/close.png]
[www.certifiedhacker.com/images/slide-previous.png]
[www.certifiedhacker.com/images/slide-next.png]
[www.certifiedhacker.com/images/fancybox/fancy_shadow_n.png]
[www.certifiedhacker.com/images/fancybox/fancy_shadow_ne.png]
[www.certifiedhacker.com/images/fancybox/fancy_shadow_e.png]
[www.certifiedhacker.com/images/fancybox/fancy_shadow_se.png]
[www.certifiedhacker.com/images/fancybox/fancy_shadow_s.png]
[www.certifiedhacker.com/images/fancybox/fancy_shadow_sw.png]
[www.certifiedhacker.com/images/fancybox/fancy_shadow_w.png]
[www.certifiedhacker.com/images/fancybox/fancy_shadow_nw.png]
[www.certifiedhacker.com/images/fancybox/title_left.png]
[www.certifiedhacker.com/images/fancybox/title_main.png]
[www.certifiedhacker.com/images/fancybox/title_right.png]
[www.certifiedhacker.com/css/fancybox.css]
[www.certifiedhacker.com/images/tooltip/wait.gif]
[www.certifiedhacker.com/images/tooltip/darrowleft.gif]
[www.certifiedhacker.com/images/tooltip/darrowright.gif]
[www.certifiedhacker.com/images/tooltip/darrowdown.gif]
[www.certifiedhacker.com/images/tooltip/darrowup.gif]
[www.certifiedhacker.com/images/tooltip/arrowleft.gif]
[www.certifiedhacker.com/images/tooltip/arrowright.gif]
[www.certifiedhacker.com/images/tooltip/arrowdown.gif]
[www.certifiedhacker.com/images/tooltip/arrowup.gif]
[www.certifiedhacker.com/images/tooltip/skinned-bl.png]
[www.certifiedhacker.com/images/tooltip/skinned-tl.png]
[www.certifiedhacker.com/images/tooltip/skinned-tr.png]
[www.certifiedhacker.com/images/tooltip/skinned-br.png]
[www.certifiedhacker.com/images/tooltip/skinned-close.png]
[www.certifiedhacker.com/images/tooltip/skinned-arrowL.gif]
[www.certifiedhacker.com/images/tooltip/skinned-arrowR.gif]
[www.certifiedhacker.com/images/tooltip/skinned-arrowD.gif]
[www.certifiedhacker.com/images/tooltip/skinned-arrowU.gif]
[www.certifiedhacker.com/css/tooltip.min.css]
[www.certifiedhacker.com/images/bodyBg.gif]
[www.certifiedhacker.com/images/pre-bg.gif]
[www.certifiedhacker.com/images/bullets/dot_gray.gif]
[www.certifiedhacker.com/images/bullets/dot_black.gif]
[www.certifiedhacker.com/images/bullets/dot_gray_light.gif]
[www.certifiedhacker.com/images/bullets/dot_blue.gif]
[www.certifiedhacker.com/images/bullets/dot_green.gif]
[www.certifiedhacker.com/images/bullets/dot_orange.gif]
[www.certifiedhacker.com/images/bullets/dot_red.gif]
[www.certifiedhacker.com/images/bullets/circle_black.gif]
[www.certifiedhacker.com/images/bullets/circle_gray.gif]
[www.certifiedhacker.com/images/bullets/circle_gray_light.gif]
[www.certifiedhacker.com/images/bullets/circle_blue.gif]
[www.certifiedhacker.com/images/bullets/circle_green.gif]
[www.certifiedhacker.com/images/bullets/circle_orange.gif]
[www.certifiedhacker.com/images/bullets/circle_red.gif]
[www.certifiedhacker.com/images/bullets/check.gif]
[www.certifiedhacker.com/images/bullets/ordered-background.gif]
[www.certifiedhacker.com/images/inputBg.gif]
[www.certifiedhacker.com/images/hr-bg.gif]
[www.certifiedhacker.com/images/logo.png]
[www.certifiedhacker.com/images/logoSymbol-small.png]
[www.certifiedhacker.com/images/pageBg-top.png]
[www.certifiedhacker.com/images/pageBg-bottom.png]
[www.certifiedhacker.com/images/pageBg-repeat.png]
[www.certifiedhacker.com/images/footerBg-top.68.delayed]
[www.certifiedhacker.com/css/default.css]
[www.certifiedhacker.com/css/demo.css]
[www.certifiedhacker.com/sample-login.html]
[www.certifiedhacker.com/css/images/bl.html]
[www.certifiedhacker.com/css/images/tl.html]
[www.certifiedhacker.com/css/images/tr.html]
[www.certifiedhacker.com/css/images/br.html]
[www.certifiedhacker.com/css/images/rarrowleft.html]
[www.certifiedhacker.com/css/images/rarrowright.html]
[www.certifiedhacker.com/css/images/rarrowdown.html]
[www.certifiedhacker.com/css/images/rarrowup.html]
[www.certifiedhacker.com/images/footerBg-top.html]
